[0m15:30:52.198488 [debug] [MainThread]: Sending event: {'category': 'dbt', 'action': 'invocation', 'label': 'start', 'context': [<snowplow_tracker.self_describing_json.SelfDescribingJson object at 0x1078597f0>, <snowplow_tracker.self_describing_json.SelfDescribingJson object at 0x1088b9880>, <snowplow_tracker.self_describing_json.SelfDescribingJson object at 0x1088b96a0>]}


============================== 15:30:52.201394 | 049bc661-12a9-4680-a9f2-766627087fae ==============================
[0m15:30:52.201394 [info ] [MainThread]: Running with dbt=1.10.9
[0m15:30:52.201773 [debug] [MainThread]: running dbt with arguments {'version_check': 'True', 'cache_selected_only': 'False', 'fail_fast': 'False', 'target_path': 'None', 'partial_parse': 'True', 'indirect_selection': 'eager', 'introspect': 'True', 'warn_error': 'None', 'static_parser': 'True', 'debug': 'False', 'warn_error_options': 'WarnErrorOptionsV2(error=[], warn=[], silence=[])', 'use_experimental_parser': 'False', 'quiet': 'False', 'profiles_dir': '/Users/enyameng/.dbt', 'log_path': 'logs', 'use_colors': 'True', 'empty': 'None', 'printer_width': '80', 'log_cache_events': 'False', 'log_format': 'default', 'write_json': 'True', 'no_print': 'None', 'invocation_command': 'dbt init', 'send_anonymous_usage_stats': 'True'}
[0m15:30:52.207540 [info ] [MainThread]: Creating dbt configuration folder at /Users/enyameng/.dbt
[0m15:33:06.017911 [debug] [MainThread]: Starter project path: /Users/enyameng/Library/Python/3.9/lib/python/site-packages/dbt/include/starter_project
[0m15:33:06.028429 [info ] [MainThread]: 
Your new dbt project "who_adverse_effects" was created!

For more information on how to configure the profiles.yml file,
please consult the dbt documentation here:

  https://docs.getdbt.com/docs/configure-your-profile

One more thing:

Need help? Don't hesitate to reach out to us via GitHub issues or on Slack:

  https://community.getdbt.com/

Happy modeling!

[0m15:33:06.029014 [info ] [MainThread]: Setting up your profile.
[0m15:36:21.773324 [info ] [MainThread]: Profile who_adverse_effects written to /Users/enyameng/.dbt/profiles.yml using target's profile_template.yml and your supplied values. Run 'dbt debug' to validate the connection.
[0m15:36:21.780214 [debug] [MainThread]: Resource report: {"command_name": "init", "command_success": true, "command_wall_clock_time": 329.59982, "process_in_blocks": "0", "process_kernel_time": 0.117275, "process_mem_max_rss": "100188160", "process_out_blocks": "0", "process_user_time": 0.845563}
[0m15:36:21.780954 [debug] [MainThread]: Command `dbt init` succeeded at 15:36:21.780788 after 329.60 seconds
[0m15:36:21.781553 [debug] [MainThread]: Sending event: {'category': 'dbt', 'action': 'invocation', 'label': 'end', 'context': [<snowplow_tracker.self_describing_json.SelfDescribingJson object at 0x1078597f0>, <snowplow_tracker.self_describing_json.SelfDescribingJson object at 0x108957df0>, <snowplow_tracker.self_describing_json.SelfDescribingJson object at 0x1082ebb80>]}
[0m15:36:21.782077 [debug] [MainThread]: Flushing usage events
[0m15:36:22.096885 [debug] [MainThread]: An error was encountered while trying to flush usage events
